// Vitest Snapshot v1, https://vitest.dev/guide/snapshot.html

exports[`probotView > not providing parameters 1`] = `
"<!DOCTYPE html>
<html lang=\\"en\\" class=\\"height-full\\" data-color-mode=\\"auto\\" data-light-theme=\\"light\\" data-dark-theme=\\"dark\\">
  <head>
    <meta charset=\\"UTF-8\\">
    <meta name=\\"viewport\\" content=\\"width=device-width, initial-scale=1.0\\">
    <meta http-equiv=\\"X-UA-Compatible\\" content=\\"ie=edge\\">
    <title>Your App | built with Probot</title>
    <link rel=\\"icon\\" href=\\"/probot/static/probot-head.png\\">
    <link rel=\\"stylesheet\\" href=\\"/probot/static/primer.css\\">
  </head>
  <body class=\\"height-full bg-gray-light\\">
    <div class=\\"d-flex flex-column flex-justify-center flex-items-center text-center height-full\\">
      <img src=\\"/probot/static/robot.svg\\" alt=\\"Probot Logo\\" width=\\"100\\" class=\\"mb-6\\">
      <div class=\\"box-shadow rounded-2 border p-6 bg-white\\">
        <h1>
          Welcome to your Probot App
        </h1>

          <p>This bot was built using <a href=\\"https://github.com/probot/probot\\">Probot</a>, a framework for building GitHub Apps.</p>
      </div>

      <div class=\\"mt-4\\">
        <h4 class=\\"alt-h4 text-gray-light\\">Need help?</h4>
        <div class=\\"d-flex flex-justify-center mt-2\\">
          <a href=\\"https://probot.github.io/docs/\\" class=\\"btn btn-outline mr-2\\">Documentation</a>
          <a href=\\"https://probot-slackin.herokuapp.com/\\" class=\\"btn btn-outline\\">Chat on Slack</a>
        </div>
      </div>
    </div>
  </body>
</html>"
`;

exports[`probotView > providing description 1`] = `
"<!DOCTYPE html>
<html lang=\\"en\\" class=\\"height-full\\" data-color-mode=\\"auto\\" data-light-theme=\\"light\\" data-dark-theme=\\"dark\\">
  <head>
    <meta charset=\\"UTF-8\\">
    <meta name=\\"viewport\\" content=\\"width=device-width, initial-scale=1.0\\">
    <meta http-equiv=\\"X-UA-Compatible\\" content=\\"ie=edge\\">
    <title>Your App | built with Probot</title>
    <link rel=\\"icon\\" href=\\"/probot/static/probot-head.png\\">
    <link rel=\\"stylesheet\\" href=\\"/probot/static/primer.css\\">
  </head>
  <body class=\\"height-full bg-gray-light\\">
    <div class=\\"d-flex flex-column flex-justify-center flex-items-center text-center height-full\\">
      <img src=\\"/probot/static/robot.svg\\" alt=\\"Probot Logo\\" width=\\"100\\" class=\\"mb-6\\">
      <div class=\\"box-shadow rounded-2 border p-6 bg-white\\">
        <h1>
          Welcome to your Probot App
        </h1>

          <p>My App with Probot</p>
      </div>

      <div class=\\"mt-4\\">
        <h4 class=\\"alt-h4 text-gray-light\\">Need help?</h4>
        <div class=\\"d-flex flex-justify-center mt-2\\">
          <a href=\\"https://probot.github.io/docs/\\" class=\\"btn btn-outline mr-2\\">Documentation</a>
          <a href=\\"https://probot-slackin.herokuapp.com/\\" class=\\"btn btn-outline\\">Chat on Slack</a>
        </div>
      </div>
    </div>
  </body>
</html>"
`;

exports[`probotView > providing description 2`] = `
"<!DOCTYPE html>
<html lang=\\"en\\" class=\\"height-full\\" data-color-mode=\\"auto\\" data-light-theme=\\"light\\" data-dark-theme=\\"dark\\">
  <head>
    <meta charset=\\"UTF-8\\">
    <meta name=\\"viewport\\" content=\\"width=device-width, initial-scale=1.0\\">
    <meta http-equiv=\\"X-UA-Compatible\\" content=\\"ie=edge\\">
    <title>Your App | built with Probot</title>
    <link rel=\\"icon\\" href=\\"/probot/static/probot-head.png\\">
    <link rel=\\"stylesheet\\" href=\\"/probot/static/primer.css\\">
  </head>
  <body class=\\"height-full bg-gray-light\\">
    <div class=\\"d-flex flex-column flex-justify-center flex-items-center text-center height-full\\">
      <img src=\\"/probot/static/robot.svg\\" alt=\\"Probot Logo\\" width=\\"100\\" class=\\"mb-6\\">
      <div class=\\"box-shadow rounded-2 border p-6 bg-white\\">
        <h1>
          Welcome to your Probot App
            <span class=\\"Label Label--outline v-align-middle ml-2 text-gray-light\\">v1.0.0</span>
        </h1>

          <p>This bot was built using <a href=\\"https://github.com/probot/probot\\">Probot</a>, a framework for building GitHub Apps.</p>
      </div>

      <div class=\\"mt-4\\">
        <h4 class=\\"alt-h4 text-gray-light\\">Need help?</h4>
        <div class=\\"d-flex flex-justify-center mt-2\\">
          <a href=\\"https://probot.github.io/docs/\\" class=\\"btn btn-outline mr-2\\">Documentation</a>
          <a href=\\"https://probot-slackin.herokuapp.com/\\" class=\\"btn btn-outline\\">Chat on Slack</a>
        </div>
      </div>
    </div>
  </body>
</html>"
`;

exports[`probotView > providing name 1`] = `
"<!DOCTYPE html>
<html lang=\\"en\\" class=\\"height-full\\" data-color-mode=\\"auto\\" data-light-theme=\\"light\\" data-dark-theme=\\"dark\\">
  <head>
    <meta charset=\\"UTF-8\\">
    <meta name=\\"viewport\\" content=\\"width=device-width, initial-scale=1.0\\">
    <meta http-equiv=\\"X-UA-Compatible\\" content=\\"ie=edge\\">
    <title>My App | built with Probot</title>
    <link rel=\\"icon\\" href=\\"/probot/static/probot-head.png\\">
    <link rel=\\"stylesheet\\" href=\\"/probot/static/primer.css\\">
  </head>
  <body class=\\"height-full bg-gray-light\\">
    <div class=\\"d-flex flex-column flex-justify-center flex-items-center text-center height-full\\">
      <img src=\\"/probot/static/robot.svg\\" alt=\\"Probot Logo\\" width=\\"100\\" class=\\"mb-6\\">
      <div class=\\"box-shadow rounded-2 border p-6 bg-white\\">
        <h1>
          Welcome to My App
        </h1>

          <p>This bot was built using <a href=\\"https://github.com/probot/probot\\">Probot</a>, a framework for building GitHub Apps.</p>
      </div>

      <div class=\\"mt-4\\">
        <h4 class=\\"alt-h4 text-gray-light\\">Need help?</h4>
        <div class=\\"d-flex flex-justify-center mt-2\\">
          <a href=\\"https://probot.github.io/docs/\\" class=\\"btn btn-outline mr-2\\">Documentation</a>
          <a href=\\"https://probot-slackin.herokuapp.com/\\" class=\\"btn btn-outline\\">Chat on Slack</a>
        </div>
      </div>
    </div>
  </body>
</html>"
`;
